../Core/Src/stm32f1xx_it.c:134:6:NMI_Handler	4	static
../Core/Src/stm32f1xx_it.c:149:6:HardFault_Handler	4	static
../Core/Src/stm32f1xx_it.c:164:6:MemManage_Handler	4	static
../Core/Src/stm32f1xx_it.c:179:6:BusFault_Handler	4	static
../Core/Src/stm32f1xx_it.c:194:6:UsageFault_Handler	4	static
../Core/Src/stm32f1xx_it.c:209:6:SVC_Handler	4	static
../Core/Src/stm32f1xx_it.c:222:6:DebugMon_Handler	4	static
../Core/Src/stm32f1xx_it.c:235:6:PendSV_Handler	4	static
../Core/Src/stm32f1xx_it.c:248:6:SysTick_Handler	8	static
../Core/Src/stm32f1xx_it.c:269:6:TIM1_BRK_IRQHandler	8	static
../Core/Src/stm32f1xx_it.c:283:6:TIM1_UP_IRQHandler	8	static
../Core/Src/stm32f1xx_it.c:297:6:TIM1_TRG_COM_IRQHandler	8	static
../Core/Src/stm32f1xx_it.c:311:6:TIM1_CC_IRQHandler	8	static
../Core/Src/stm32f1xx_it.c:325:6:TIM2_IRQHandler	8	static
../Core/Src/stm32f1xx_it.c:339:6:HAL_TIM_IC_CaptureCallback	16	static
../Core/Src/stm32f1xx_it.c:384:6:HAL_TIM_PeriodElapsedCallback	16	static
