Archive member included to satisfy reference by file (symbol)

D:/STM32/stm32cubeide/STM32CubeIDE/plugins/com.st.stm32cube.ide.mcu.externaltools.gnu-tools-for-stm32.12.3.rel1.win32_1.0.200.202406191623/tools/bin/../lib/gcc/arm-none-eabi/12.3.1/../../../../arm-none-eabi/lib/thumb/v7-m/nofp\libc_nano.a(libc_a-exit.o)
                              D:/STM32/stm32cubeide/STM32CubeIDE/plugins/com.st.stm32cube.ide.mcu.externaltools.gnu-tools-for-stm32.12.3.rel1.win32_1.0.200.202406191623/tools/bin/../lib/gcc/arm-none-eabi/12.3.1/../../../../arm-none-eabi/lib/thumb/v7-m/nofp/crt0.o (exit)
D:/STM32/stm32cubeide/STM32CubeIDE/plugins/com.st.stm32cube.ide.mcu.externaltools.gnu-tools-for-stm32.12.3.rel1.win32_1.0.200.202406191623/tools/bin/../lib/gcc/arm-none-eabi/12.3.1/../../../../arm-none-eabi/lib/thumb/v7-m/nofp\libc_nano.a(libc_a-itoa.o)
                              ./Core/Src/4x_7-seg_display.o (itoa)
D:/STM32/stm32cubeide/STM32CubeIDE/plugins/com.st.stm32cube.ide.mcu.externaltools.gnu-tools-for-stm32.12.3.rel1.win32_1.0.200.202406191623/tools/bin/../lib/gcc/arm-none-eabi/12.3.1/../../../../arm-none-eabi/lib/thumb/v7-m/nofp\libc_nano.a(libc_a-utoa.o)
                              D:/STM32/stm32cubeide/STM32CubeIDE/plugins/com.st.stm32cube.ide.mcu.externaltools.gnu-tools-for-stm32.12.3.rel1.win32_1.0.200.202406191623/tools/bin/../lib/gcc/arm-none-eabi/12.3.1/../../../../arm-none-eabi/lib/thumb/v7-m/nofp\libc_nano.a(libc_a-itoa.o) (__utoa)
D:/STM32/stm32cubeide/STM32CubeIDE/plugins/com.st.stm32cube.ide.mcu.externaltools.gnu-tools-for-stm32.12.3.rel1.win32_1.0.200.202406191623/tools/bin/../lib/gcc/arm-none-eabi/12.3.1/../../../../arm-none-eabi/lib/thumb/v7-m/nofp\libc_nano.a(libc_a-findfp.o)
                              D:/STM32/stm32cubeide/STM32CubeIDE/plugins/com.st.stm32cube.ide.mcu.externaltools.gnu-tools-for-stm32.12.3.rel1.win32_1.0.200.202406191623/tools/bin/../lib/gcc/arm-none-eabi/12.3.1/../../../../arm-none-eabi/lib/thumb/v7-m/nofp\libc_nano.a(libc_a-exit.o) (__stdio_exit_handler)
D:/STM32/stm32cubeide/STM32CubeIDE/plugins/com.st.stm32cube.ide.mcu.externaltools.gnu-tools-for-stm32.12.3.rel1.win32_1.0.200.202406191623/tools/bin/../lib/gcc/arm-none-eabi/12.3.1/../../../../arm-none-eabi/lib/thumb/v7-m/nofp\libc_nano.a(libc_a-fwalk.o)
                              D:/STM32/stm32cubeide/STM32CubeIDE/plugins/com.st.stm32cube.ide.mcu.externaltools.gnu-tools-for-stm32.12.3.rel1.win32_1.0.200.202406191623/tools/bin/../lib/gcc/arm-none-eabi/12.3.1/../../../../arm-none-eabi/lib/thumb/v7-m/nofp\libc_nano.a(libc_a-findfp.o) (_fwalk_sglue)
D:/STM32/stm32cubeide/STM32CubeIDE/plugins/com.st.stm32cube.ide.mcu.externaltools.gnu-tools-for-stm32.12.3.rel1.win32_1.0.200.202406191623/tools/bin/../lib/gcc/arm-none-eabi/12.3.1/../../../../arm-none-eabi/lib/thumb/v7-m/nofp\libc_nano.a(libc_a-stdio.o)
                              D:/STM32/stm32cubeide/STM32CubeIDE/plugins/com.st.stm32cube.ide.mcu.externaltools.gnu-tools-for-stm32.12.3.rel1.win32_1.0.200.202406191623/tools/bin/../lib/gcc/arm-none-eabi/12.3.1/../../../../arm-none-eabi/lib/thumb/v7-m/nofp\libc_nano.a(libc_a-findfp.o) (__sread)
D:/STM32/stm32cubeide/STM32CubeIDE/plugins/com.st.stm32cube.ide.mcu.externaltools.gnu-tools-for-stm32.12.3.rel1.win32_1.0.200.202406191623/tools/bin/../lib/gcc/arm-none-eabi/12.3.1/../../../../arm-none-eabi/lib/thumb/v7-m/nofp\libc_nano.a(libc_a-memset.o)
                              D:/STM32/stm32cubeide/STM32CubeIDE/plugins/com.st.stm32cube.ide.mcu.externaltools.gnu-tools-for-stm32.12.3.rel1.win32_1.0.200.202406191623/tools/bin/../lib/gcc/arm-none-eabi/12.3.1/../../../../arm-none-eabi/lib/thumb/v7-m/nofp/crt0.o (memset)
D:/STM32/stm32cubeide/STM32CubeIDE/plugins/com.st.stm32cube.ide.mcu.externaltools.gnu-tools-for-stm32.12.3.rel1.win32_1.0.200.202406191623/tools/bin/../lib/gcc/arm-none-eabi/12.3.1/../../../../arm-none-eabi/lib/thumb/v7-m/nofp\libc_nano.a(libc_a-strchr.o)
                              ./Core/Src/4x_7-seg_display.o (strchr)
D:/STM32/stm32cubeide/STM32CubeIDE/plugins/com.st.stm32cube.ide.mcu.externaltools.gnu-tools-for-stm32.12.3.rel1.win32_1.0.200.202406191623/tools/bin/../lib/gcc/arm-none-eabi/12.3.1/../../../../arm-none-eabi/lib/thumb/v7-m/nofp\libc_nano.a(libc_a-closer.o)
                              D:/STM32/stm32cubeide/STM32CubeIDE/plugins/com.st.stm32cube.ide.mcu.externaltools.gnu-tools-for-stm32.12.3.rel1.win32_1.0.200.202406191623/tools/bin/../lib/gcc/arm-none-eabi/12.3.1/../../../../arm-none-eabi/lib/thumb/v7-m/nofp\libc_nano.a(libc_a-stdio.o) (_close_r)
D:/STM32/stm32cubeide/STM32CubeIDE/plugins/com.st.stm32cube.ide.mcu.externaltools.gnu-tools-for-stm32.12.3.rel1.win32_1.0.200.202406191623/tools/bin/../lib/gcc/arm-none-eabi/12.3.1/../../../../arm-none-eabi/lib/thumb/v7-m/nofp\libc_nano.a(libc_a-reent.o)
[...]
Memory Configuration

Name             Origin             Length             Attributes
RAM              0x20000000         0x00005000         xrw
FLASH            0x08000000         0x00010000         xr
*default*        0x00000000         0xffffffff

Linker script and memory map

LOAD D:/STM32/stm32cubeide/STM32CubeIDE/plugins/com.st.stm32cube.ide.mcu.externaltools.gnu-tools-for-stm32.12.3.rel1.win32_1.0.200.202406191623/tools/bin/../lib/gcc/arm-none-eabi/12.3.1/thumb/v7-m/nofp/crti.o
LOAD D:/STM32/stm32cubeide/STM32CubeIDE/plugins/com.st.stm32cube.ide.mcu.externaltools.gnu-tools-for-stm32.12.3.rel1.win32_1.0.200.202406191623/tools/bin/../lib/gcc/arm-none-eabi/12.3.1/thumb/v7-m/nofp/crtbegin.o
LOAD D:/STM32/stm32cubeide/STM32CubeIDE/plugins/com.st.stm32cube.ide.mcu.externaltools.gnu-tools-for-stm32.12.3.rel1.win32_1.0.200.202406191623/tools/bin/../lib/gcc/arm-none-eabi/12.3.1/../../../../arm-none-eabi/lib/thumb/v7-m/nofp/crt0.o
LOAD ./Core/Src/4x_7-seg_display.o
LOAD ./Core/Src/main.o
LOAD ./Core/Src/stm32f1xx_hal_msp.o
LOAD ./Core/Src/stm32f1xx_it.o
LOAD ./Core/Src/syscalls.o
LOAD ./Core/Src/sysmem.o
LOAD ./Core/Src/system_stm32f1xx.o
LOAD ./Core/Startup/startup_stm32f103c8tx.o
LOAD ./Drivers/STM32F1xx_HAL_Driver/Src/stm32f1xx_hal.o
LOAD ./Drivers/STM32F1xx_HAL_Driver/Src/stm32f1xx_hal_cortex.o
LOAD ./Drivers/STM32F1xx_HAL_Driver/Src/stm32f1xx_hal_crc.o
LOAD ./Drivers/STM32F1xx_HAL_Driver/Src/stm32f1xx_hal_dma.o
LOAD ./Drivers/STM32F1xx_HAL_Driver/Src/stm32f1xx_hal_exti.o
LOAD ./Drivers/STM32F1xx_HAL_Driver/Src/stm32f1xx_hal_flash.o
LOAD ./Drivers/STM32F1xx_HAL_Driver/Src/stm32f1xx_hal_flash_ex.o
LOAD ./Drivers/STM32F1xx_HAL_Driver/Src/stm32f1xx_hal_gpio.o
LOAD ./Drivers/STM32F1xx_HAL_Driver/Src/stm32f1xx_hal_gpio_ex.o
LOAD ./Drivers/STM32F1xx_HAL_Driver/Src/stm32f1xx_hal_i2c.o
LOAD ./Drivers/STM32F1xx_HAL_Driver/Src/stm32f1xx_hal_pwr.o
LOAD ./Drivers/STM32F1xx_HAL_Driver/Src/stm32f1xx_hal_rcc.o
LOAD ./Drivers/STM32F1xx_HAL_Driver/Src/stm32f1xx_hal_rcc_ex.o
LOAD ./Drivers/STM32F1xx_HAL_Driver/Src/stm32f1xx_hal_tim.o
LOAD ./Drivers/STM32F1xx_HAL_Driver/Src/stm32f1xx_hal_tim_ex.o
START GROUP
LOAD D:/STM32/stm32cubeide/STM32CubeIDE/plugins/com.st.stm32cube.ide.mcu.externaltools.gnu-tools-for-stm32.12.3.rel1.win32_1.0.200.202406191623/tools/bin/../lib/gcc/arm-none-eabi/12.3.1/../../../../arm-none-eabi/lib/thumb/v7-m/nofp\libc_nano.a
LOAD D:/STM32/stm32cubeide/STM32CubeIDE/plugins/com.st.stm32cube.ide.mcu.externaltools.gnu-tools-for-stm32.12.3.rel1.win32_1.0.200.202406191623/tools/bin/../lib/gcc/arm-none-eabi/12.3.1/../../../../arm-none-eabi/lib/thumb/v7-m/nofp\libm.a
END GROUP
START GROUP
LOAD D:/STM32/stm32cubeide/STM32CubeIDE/plugins/com.st.stm32cube.ide.mcu.externaltools.gnu-tools-for-stm32.12.3.rel1.win32_1.0.200.202406191623/tools/bin/../lib/gcc/arm-none-eabi/12.3.1/thumb/v7-m/nofp\libgcc.a
LOAD D:/STM32/stm32cubeide/STM32CubeIDE/plugins/com.st.stm32cube.ide.mcu.externaltools.gnu-tools-for-stm32.12.3.rel1.win32_1.0.200.202406191623/tools/bin/../lib/gcc/arm-none-eabi/12.3.1/../../../../arm-none-eabi/lib/thumb/v7-m/nofp\libc_nano.a
END GROUP
START GROUP
LOAD D:/STM32/stm32cubeide/STM32CubeIDE/plugins/com.st.stm32cube.ide.mcu.externaltools.gnu-tools-for-stm32.12.3.rel1.win32_1.0.200.202406191623/tools/bin/../lib/gcc/arm-none-eabi/12.3.1/thumb/v7-m/nofp\libgcc.a
LOAD D:/STM32/stm32cubeide/STM32CubeIDE/plugins/com.st.stm32cube.ide.mcu.externaltools.gnu-tools-for-stm32.12.3.rel1.win32_1.0.200.202406191623/tools/bin/../lib/gcc/arm-none-eabi/12.3.1/../../../../arm-none-eabi/lib/thumb/v7-m/nofp\libc_nano.a
LOAD D:/STM32/stm32cubeide/STM32CubeIDE/plugins/com.st.stm32cube.ide.mcu.externaltools.gnu-tools-for-stm32.12.3.rel1.win32_1.0.200.202406191623/tools/bin/../lib/gcc/arm-none-eabi/12.3.1/../../../../arm-none-eabi/lib/thumb/v7-m/nofp\libnosys.a
END GROUP
START GROUP
LOAD D:/STM32/stm32cubeide/STM32CubeIDE/plugins/com.st.stm32cube.ide.mcu.externaltools.gnu-tools-for-stm32.12.3.rel1.win32_1.0.200.202406191623/tools/bin/../lib/gcc/arm-none-eabi/12.3.1/thumb/v7-m/nofp\libgcc.a
LOAD D:/STM32/stm32cubeide/STM32CubeIDE/plugins/com.st.stm32cube.ide.mcu.externaltools.gnu-tools-for-stm32.12.3.rel1.win32_1.0.200.202406191623/tools/bin/../lib/gcc/arm-none-eabi/12.3.1/../../../../arm-none-eabi/lib/thumb/v7-m/nofp\libc_nano.a
LOAD D:/STM32/stm32cubeide/STM32CubeIDE/plugins/com.st.stm32cube.ide.mcu.externaltools.gnu-tools-for-stm32.12.3.rel1.win32_1.0.200.202406191623/tools/bin/../lib/gcc/arm-none-eabi/12.3.1/../../../../arm-none-eabi/lib/thumb/v7-m/nofp\libnosys.a
END GROUP
LOAD D:/STM32/stm32cubeide/STM32CubeIDE/plugins/com.st.stm32cube.ide.mcu.externaltools.gnu-tools-for-stm32.12.3.rel1.win32_1.0.200.202406191623/tools/bin/../lib/gcc/arm-none-eabi/12.3.1/thumb/v7-m/nofp/crtend.o
LOAD D:/STM32/stm32cubeide/STM32CubeIDE/plugins/com.st.stm32cube.ide.mcu.externaltools.gnu-tools-for-stm32.12.3.rel1.win32_1.0.200.202406191623/tools/bin/../lib/gcc/arm-none-eabi/12.3.1/thumb/v7-m/nofp/crtn.o
                0x20005000                        _estack = (ORIGIN (RAM) + LENGTH (RAM))
                0x00000200                        _Min_Heap_Size = 0x200
                0x00000400                        _Min_Stack_Size = 0x400

.isr_vector     0x08000000      0x10c
                0x08000000                        . = ALIGN (0x4)
 *(.isr_vector)
 .isr_vector    0x08000000      0x10c ./Core/Startup/startup_stm32f103c8tx.o
                0x08000000                g_pfnVectors
                0x0800010c                        . = ALIGN (0x4)

.text           0x0800010c     0x5ef4
                0x0800010c                        . = ALIGN (0x4)
 *(.text)
 .text          0x0800010c       0x40 D:/STM32/stm32cubeide/STM32CubeIDE/plugins/com.st.stm32cube.ide.mcu.externaltools.gnu-tools-for-stm32.12.3.rel1.win32_1.0.200.202406191623/tools/bin/../lib/gcc/arm-none-eabi/12.3.1/thumb/v7-m/nofp/crtbegin.o
 .text          0x0800014c      0x378 D:/STM32/stm32cubeide/STM32CubeIDE/plugins/com.st.stm32cube.ide.mcu.externaltools.gnu-tools-for-stm32.12.3.rel1.win32_1.0.200.202406191623/tools/bin/../lib/gcc/arm-none-eabi/12.3.1/thumb/v7-m/nofp\libgcc.a(_arm_addsubdf3.o)
                0x0800014c                __aeabi_drsub
                0x08000154                __aeabi_dsub
                0x08000154                __subdf3
                0x08000158                __aeabi_dadd
                0x08000158                __adddf3
                0x080003d0                __floatunsidf
                0x080003d0                __aeabi_ui2d
                0x080003f0                __floatsidf
                0x080003f0                __aeabi_i2d
                0x08000414                __aeabi_f2d
                0x08000414                __extendsfdf2
                0x08000458                __floatundidf
                0x08000458                __aeabi_ul2d
                0x08000468                __floatdidf
                0x08000468                __aeabi_l2d
 .text          0x080004c4      0x424 D:/STM32/stm32cubeide/STM32CubeIDE/plugins/com.st.stm32cube.ide.mcu.externaltools.gnu-tools-for-stm32.12.3.rel1.win32_1.0.200.202406191623/tools/bin/../lib/gcc/arm-none-eabi/12.3.1/thumb/v7-m/nofp\libgcc.a(_arm_muldivdf3.o)
                0x080004c4                __aeabi_dmul
                0x080004c4                __muldf3
                0x08000718                __divdf3
                0x08000718                __aeabi_ddiv
 .text          0x080008e8       0xa0 D:/STM32/stm32cubeide/STM32CubeIDE/plugins/com.st.stm32cube.ide.mcu.externaltools.gnu-tools-for-stm32.12.3.rel1.win32_1.0.200.202406191623/tools/bin/../lib/gcc/arm-none-eabi/12.3.1/thumb/v7-m/nofp\libgcc.a(_arm_truncdfsf2.o)
                0x080008e8                __truncdfsf2
                0x080008e8                __aeabi_d2f
 .text          0x08000988       0x4c D:/STM32/stm32cubeide/STM32CubeIDE/plugins/com.st.stm32cube.ide.mcu.externaltools.gnu-tools-for-stm32.12.3.rel1.win32_1.0.200.202406191623/tools/bin/../lib/gcc/arm-none-eabi/12.3.1/thumb/v7-m/nofp\libgcc.a(_arm_fixsfsi.o)
                0x08000988                __aeabi_f2iz
                0x08000988                __fixsfsi
 *(.text*)
 .text.ResetLeds
                0x080009d4       0x58 ./Core/Src/4x_7-seg_display.o
                0x080009d4                ResetLeds
 .text.SetLeds  0x08000a2c      0x338 ./Core/Src/4x_7-seg_display.o
                0x08000a2c                SetLeds
 .text.SetDigit
                0x08000d64       0xec ./Core/Src/4x_7-seg_display.o
                0x08000d64                SetDigit
 .text.PrintFigure
                0x08000e50       0x38 ./Core/Src/4x_7-seg_display.o
                0x08000e50                PrintFigure
 .text.PrintPoint
                0x08000e88       0x40 ./Core/Src/4x_7-seg_display.o
                0x08000e88                PrintPoint
 .text.PrintSnakeMove_Direct
                0x08000ec8      0x104 ./Core/Src/4x_7-seg_display.o
                0x08000ec8                PrintSnakeMove_Direct
 .text.PrintHi  0x08000fcc       0xdc ./Core/Src/4x_7-seg_display.o
                0x08000fcc                PrintHi
 .text.PrintDegrees
                0x080010a8       0x90 ./Core/Src/4x_7-seg_display.o
                0x080010a8                PrintDegrees
 .text.decToBcd
                0x08001138       0x48 ./Core/Src/main.o
                0x08001138                decToBcd
 .text.bcdToDec
                0x08001180       0x2e ./Core/Src/main.o
                0x08001180                bcdToDec
 *fill*         0x080011ae        0x2 
 .text.Set_Time_ShortVersion
                0x080011b0       0x94 ./Core/Src/main.o
                0x080011b0                Set_Time_ShortVersion
 .text.Get_Time
                0x08001244       0x80 ./Core/Src/main.o
                0x08001244                Get_Time
 .text.Get_Temp
                0x080012c4       0x6c ./Core/Src/main.o
                0x080012c4                Get_Temp
 .text.force_temp_conv
                0x08001330       0x74 ./Core/Src/main.o
                0x08001330                force_temp_conv
 .text.DisplayDegrees
                0x080013a4       0x60 ./Core/Src/main.o
                0x080013a4                DisplayDegrees
 .text.DisplayTime
                0x08001404       0x84 ./Core/Src/main.o
                0x08001404                DisplayTime
 .text.DisplayDate
                0x08001488       0x84 ./Core/Src/main.o
                0x08001488                DisplayDate
 .text.AlarmControl
                0x0800150c       0x38 ./Core/Src/main.o
                0x0800150c                AlarmControl
 .text.ButtonPress
                0x08001544      0x2c8 ./Core/Src/main.o
                0x08001544                ButtonPress
 .text.TurnEncoder
                0x0800180c       0x68 ./Core/Src/main.o
                0x0800180c                TurnEncoder
 .text.EncoderButtonPress
                0x08001874       0xa4 ./Core/Src/main.o
                0x08001874                EncoderButtonPress
 .text.BuildTimeAlarmClock
                0x08001918       0x48 ./Core/Src/main.o
                0x08001918                BuildTimeAlarmClock
 .text.IndicationAlarmClock
                0x08001960      0x140 ./Core/Src/main.o
                0x08001960                IndicationAlarmClock
 .text.PrepareDataFlash
                0x08001aa0       0x28 ./Core/Src/main.o
                0x08001aa0                PrepareDataFlash
 .text.EraseFlash
                0x08001ac8       0x50 ./Core/Src/main.o
                0x08001ac8                EraseFlash
 .text.WriteFlash
                0x08001b18       0xac ./Core/Src/main.o
                0x08001b18                WriteFlash
 .text.ReadFlash
                0x08001bc4       0x9c ./Core/Src/main.o
                0x08001bc4                ReadFlash
 .text.IndicationFlashError
                0x08001c60      0x118 ./Core/Src/main.o
                0x08001c60                IndicationFlashError
 .text.IndicationCalibration
                0x08001d78      0x108 ./Core/Src/main.o
                0x08001d78                IndicationCalibration
 .text.BuildTimeCalibration
                0x08001e80       0x48 ./Core/Src/main.o
                0x08001e80                BuildTimeCalibration
 .text.IndicationCalibration_Time
                0x08001ec8      0x140 ./Core/Src/main.o
                0x08001ec8                IndicationCalibration_Time
 .text.BuildDateCalibration
                0x08002008       0x48 ./Core/Src/main.o
                0x08002008                BuildDateCalibration
 .text.IndicationCalibration_Date
                0x08002050      0x140 ./Core/Src/main.o
                0x08002050                IndicationCalibration_Date
 .text.main     0x08002190      0x220 ./Core/Src/main.o
                0x08002190                main
 .text.SystemClock_Config
                0x080023b0       0x8a ./Core/Src/main.o
                0x080023b0                SystemClock_Config
 *fill*         0x0800243a        0x2 
 .text.MX_CRC_Init
                0x0800243c       0x28 ./Core/Src/main.o
 .text.MX_I2C1_Init
                0x08002464       0x5c ./Core/Src/main.o
 .text.MX_TIM1_Init
                0x080024c0      0x144 ./Core/Src/main.o
 .text.MX_TIM2_Init
                0x08002604       0x9c ./Core/Src/main.o
 .text.MX_GPIO_Init
                0x080026a0      0x114 ./Core/Src/main.o
 .text.Error_Handler
                0x080027b4        0xc ./Core/Src/main.o
                0x080027b4                Error_Handler
 .text.HAL_MspInit
                0x080027c0       0x64 ./Core/Src/stm32f1xx_hal_msp.o
                0x080027c0                HAL_MspInit
 .text.HAL_CRC_MspInit
                0x08002824       0x3c ./Core/Src/stm32f1xx_hal_msp.o
                0x08002824                HAL_CRC_MspInit
 .text.HAL_I2C_MspInit
                0x08002860       0xa0 ./Core/Src/stm32f1xx_hal_msp.o
                0x08002860                HAL_I2C_MspInit
 .text.HAL_TIM_Base_MspInit
                0x08002900       0xf4 ./Core/Src/stm32f1xx_hal_msp.o
                0x08002900                HAL_TIM_Base_MspInit
 .text.NMI_Handler
                0x080029f4        0x8 ./Core/Src/stm32f1xx_it.o
                0x080029f4                NMI_Handler
 .text.HardFault_Handler
                0x080029fc        0x8 ./Core/Src/stm32f1xx_it.o
                0x080029fc                HardFault_Handler
 .text.MemManage_Handler
                0x08002a04        0x8 ./Core/Src/stm32f1xx_it.o
                0x08002a04                MemManage_Handler
 .text.BusFault_Handler
                0x08002a0c        0x8 ./Core/Src/stm32f1xx_it.o
                0x08002a0c                BusFault_Handler
 .text.UsageFault_Handler
                0x08002a14        0x8 ./Core/Src/stm32f1xx_it.o
                0x08002a14                UsageFault_Handler
 .text.SVC_Handler
                0x08002a1c        0xc ./Core/Src/stm32f1xx_it.o
                0x08002a1c                SVC_Handler
 .text.DebugMon_Handler
                0x08002a28        0xc ./Core/Src/stm32f1xx_it.o
                0x08002a28                DebugMon_Handler
 .text.PendSV_Handler
                0x08002a34        0xc ./Core/Src/stm32f1xx_it.o
                0x08002a34                PendSV_Handler
 .text.SysTick_Handler
                0x08002a40        0xc ./Core/Src/stm32f1xx_it.o
                0x08002a40                SysTick_Handler
 .text.TIM1_BRK_IRQHandler
                0x08002a4c       0x14 ./Core/Src/stm32f1xx_it.o
                0x08002a4c                TIM1_BRK_IRQHandler
 .text.TIM1_UP_IRQHandler
                0x08002a60       0x14 ./Core/Src/stm32f1xx_it.o
                0x08002a60                TIM1_UP_IRQHandler
 .text.TIM1_TRG_COM_IRQHandler
                0x08002a74       0x14 ./Core/Src/stm32f1xx_it.o
                0x08002a74                TIM1_TRG_COM_IRQHandler
 .text.TIM1_CC_IRQHandler
                0x08002a88       0x14 ./Core/Src/stm32f1xx_it.o
                0x08002a88                TIM1_CC_IRQHandler
 .text.TIM2_IRQHandler
                0x08002a9c       0x14 ./Core/Src/stm32f1xx_it.o
                0x08002a9c                TIM2_IRQHandler
 .text.HAL_TIM_IC_CaptureCallback
                0x08002ab0       0xbc ./Core/Src/stm32f1xx_it.o
                0x08002ab0                HAL_TIM_IC_CaptureCallback
 .text.HAL_TIM_PeriodElapsedCallback
                0x08002b6c      0x1a8 ./Core/Src/stm32f1xx_it.o
                0x08002b6c                HAL_TIM_PeriodElapsedCallback
 .text.SystemInit
                0x08002d14        0xc ./Core/Src/system_stm32f1xx.o
                0x08002d14                SystemInit
 .text.Reset_Handler
                0x08002d20       0x48 ./Core/Startup/startup_stm32f103c8tx.o
                0x08002d20                Reset_Handler
 .text.Default_Handler
                0x08002d68        0x2 ./Core/Startup/startup_stm32f103c8tx.o
                0x08002d68                RTC_Alarm_IRQHandler
                0x08002d68                EXTI2_IRQHandler
                0x08002d68                PVD_IRQHandler
                0x08002d68                EXTI3_IRQHandler
                0x08002d68                EXTI0_IRQHandler
                0x08002d68                I2C2_EV_IRQHandler
                0x08002d68                ADC1_2_IRQHandler
                0x08002d68                SPI1_IRQHandler
                0x08002d68                TAMPER_IRQHandler
                0x08002d68                DMA1_Channel4_IRQHandler
                0x08002d68                USART3_IRQHandler
                0x08002d68                RTC_IRQHandler
                0x08002d68                DMA1_Channel7_IRQHandler
                0x08002d68                CAN1_RX1_IRQHandler
                0x08002d68                TIM4_IRQHandler
                0x08002d68                I2C1_EV_IRQHandler
                0x08002d68                DMA1_Channel6_IRQHandler
                0x08002d68                TIM3_IRQHandler
                0x08002d68                RCC_IRQHandler
                0x08002d68                DMA1_Channel1_IRQHandler
                0x08002d68                Default_Handler
                0x08002d68                EXTI15_10_IRQHandler
                0x08002d68                EXTI9_5_IRQHandler
                0x08002d68                SPI2_IRQHandler
                0x08002d68                DMA1_Channel5_IRQHandler
                0x08002d68                EXTI4_IRQHandler
                0x08002d68                USB_LP_CAN1_RX0_IRQHandler
                0x08002d68                USB_HP_CAN1_TX_IRQHandler
                0x08002d68                DMA1_Channel3_IRQHandler
                0x08002d68                WWDG_IRQHandler
                0x08002d68                EXTI1_IRQHandler
                0x08002d68                USART2_IRQHandler
                0x08002d68                I2C2_ER_IRQHandler
                0x08002d68                DMA1_Channel2_IRQHandler
                0x08002d68                CAN1_SCE_IRQHandler
                0x08002d68                FLASH_IRQHandler
                0x08002d68                USART1_IRQHandler
                0x08002d68                I2C1_ER_IRQHandler
                0x08002d68                USBWakeUp_IRQHandler
 *fill*         0x08002d6a        0x2 
 .text.HAL_Init
                0x08002d6c       0x2c ./Drivers/STM32F1xx_HAL_Driver/Src/stm32f1xx_hal.o
                0x08002d6c                HAL_Init
 .text.HAL_InitTick
                0x08002d98       0x60 ./Drivers/STM32F1xx_HAL_Driver/Src/stm32f1xx_hal.o
                0x08002d98                HAL_InitTick
 .text.HAL_IncTick
                0x08002df8       0x24 ./Drivers/STM32F1xx_HAL_Driver/Src/stm32f1xx_hal.o
                0x08002df8                HAL_IncTick
 .text.HAL_GetTick
                0x08002e1c       0x14 ./Drivers/STM32F1xx_HAL_Driver/Src/stm32f1xx_hal.o
                0x08002e1c                HAL_GetTick
 .text.HAL_Delay
                0x08002e30       0x48 ./Drivers/STM32F1xx_HAL_Driver/Src/stm32f1xx_hal.o
                0x08002e30                HAL_Delay
 .text.__NVIC_SetPriorityGrouping
                0x08002e78       0x48 ./Drivers/STM32F1xx_HAL_Driver/Src/stm32f1xx_hal_cortex.o
 .text.__NVIC_GetPriorityGrouping
                0x08002ec0       0x1c ./Drivers/STM32F1xx_HAL_Driver/Src/stm32f1xx_hal_cortex.o
 .text.__NVIC_EnableIRQ
                0x08002edc       0x38 ./Drivers/STM32F1xx_HAL_Driver/Src/stm32f1xx_hal_cortex.o
 .text.__NVIC_SetPriority
                0x08002f14       0x54 ./Drivers/STM32F1xx_HAL_Driver/Src/stm32f1xx_hal_cortex.o
 .text.NVIC_EncodePriority
                0x08002f68       0x64 ./Drivers/STM32F1xx_HAL_Driver/Src/stm32f1xx_hal_cortex.o
 .text.SysTick_Config
                0x08002fcc       0x44 ./Drivers/STM32F1xx_HAL_Driver/Src/stm32f1xx_hal_cortex.o
 .text.HAL_NVIC_SetPriorityGrouping
                0x08003010       0x16 ./Drivers/STM32F1xx_HAL_Driver/Src/stm32f1xx_hal_cortex.o
                0x08003010                HAL_NVIC_SetPriorityGrouping
 .text.HAL_NVIC_SetPriority
                0x08003026       0x38 ./Drivers/STM32F1xx_HAL_Driver/Src/stm32f1xx_hal_cortex.o
                0x08003026                HAL_NVIC_SetPriority
 .text.HAL_NVIC_EnableIRQ
                0x0800305e       0x1c ./Drivers/STM32F1xx_HAL_Driver/Src/stm32f1xx_hal_cortex.o
                0x0800305e                HAL_NVIC_EnableIRQ
 .text.HAL_SYSTICK_Config
                0x0800307a       0x18 ./Drivers/STM32F1xx_HAL_Driver/Src/stm32f1xx_hal_cortex.o
                0x0800307a                HAL_SYSTICK_Config
 .text.HAL_CRC_Init
                0x08003092       0x38 ./Drivers/STM32F1xx_HAL_Driver/Src/stm32f1xx_hal_crc.o
                0x08003092                HAL_CRC_Init
 .text.HAL_CRC_Calculate
                0x080030ca       0x64 ./Drivers/STM32F1xx_HAL_Driver/Src/stm32f1xx_hal_crc.o
                0x080030ca                HAL_CRC_Calculate
 *fill*         0x0800312e        0x2 
 .text.HAL_FLASH_Program
                0x08003130       0xe0 ./Drivers/STM32F1xx_HAL_Driver/Src/stm32f1xx_hal_flash.o
                0x08003130                HAL_FLASH_Program
 .text.HAL_FLASH_Unlock
                0x08003210       0x4c ./Drivers/STM32F1xx_HAL_Driver/Src/stm32f1xx_hal_flash.o
                0x08003210                HAL_FLASH_Unlock
 .text.HAL_FLASH_Lock
                0x0800325c       0x20 ./Drivers/STM32F1xx_HAL_Driver/Src/stm32f1xx_hal_flash.o
                0x0800325c                HAL_FLASH_Lock
 .text.FLASH_Program_HalfWord
                0x0800327c       0x38 ./Drivers/STM32F1xx_HAL_Driver/Src/stm32f1xx_hal_flash.o
 .text.FLASH_WaitForLastOperation
                0x080032b4       0x8c ./Drivers/STM32F1xx_HAL_Driver/Src/stm32f1xx_hal_flash.o
                0x080032b4                FLASH_WaitForLastOperation
 .text.FLASH_SetErrorCode
                0x08003340       0xa0 ./Drivers/STM32F1xx_HAL_Driver/Src/stm32f1xx_hal_flash.o
 .text.HAL_FLASHEx_Erase
                0x080033e0       0xd8 ./Drivers/STM32F1xx_HAL_Driver/Src/stm32f1xx_hal_flash_ex.o
                0x080033e0                HAL_FLASHEx_Erase
 .text.FLASH_MassErase
                0x080034b8       0x38 ./Drivers/STM32F1xx_HAL_Driver/Src/stm32f1xx_hal_flash_ex.o
 .text.FLASH_PageErase
                0x080034f0       0x40 ./Drivers/STM32F1xx_HAL_Driver/Src/stm32f1xx_hal_flash_ex.o
                0x080034f0                FLASH_PageErase
 .text.HAL_GPIO_Init
                0x08003530      0x308 ./Drivers/STM32F1xx_HAL_Driver/Src/stm32f1xx_hal_gpio.o
                0x08003530                HAL_GPIO_Init
 .text.HAL_GPIO_ReadPin
                0x08003838       0x2e ./Drivers/STM32F1xx_HAL_Driver/Src/stm32f1xx_hal_gpio.o
                0x08003838                HAL_GPIO_ReadPin
 .text.HAL_GPIO_WritePin
                0x08003866       0x30 ./Drivers/STM32F1xx_HAL_Driver/Src/stm32f1xx_hal_gpio.o
                0x08003866                HAL_GPIO_WritePin
 *fill*         0x08003896        0x2 
 .text.HAL_I2C_Init
                0x08003898      0x288 ./Drivers/STM32F1xx_HAL_Driver/Src/stm32f1xx_hal_i2c.o
                0x08003898                HAL_I2C_Init
 .text.HAL_I2C_Mem_Write
                0x08003b20      0x1f4 ./Drivers/STM32F1xx_HAL_Driver/Src/stm32f1xx_hal_i2c.o
                0x08003b20                HAL_I2C_Mem_Write
 .text.HAL_I2C_Mem_Read
                0x08003d14      0x4e8 ./Drivers/STM32F1xx_HAL_Driver/Src/stm32f1xx_hal_i2c.o
                0x08003d14                HAL_I2C_Mem_Read
 .text.I2C_RequestMemoryWrite
                0x080041fc      0x12c ./Drivers/STM32F1xx_HAL_Driver/Src/stm32f1xx_hal_i2c.o
 .text.I2C_RequestMemoryRead
                0x08004328      0x1d0 ./Drivers/STM32F1xx_HAL_Driver/Src/stm32f1xx_hal_i2c.o
 .text.I2C_WaitOnFlagUntilTimeout
                0x080044f8       0xf4 ./Drivers/STM32F1xx_HAL_Driver/Src/stm32f1xx_hal_i2c.o
 .text.I2C_WaitOnMasterAddressFlagUntilTimeout
                0x080045ec      0x140 ./Drivers/STM32F1xx_HAL_Driver/Src/stm32f1xx_hal_i2c.o
 .text.I2C_WaitOnTXEFlagUntilTimeout
                0x0800472c       0x90 ./Drivers/STM32F1xx_HAL_Driver/Src/stm32f1xx_hal_i2c.o
 .text.I2C_WaitOnBTFFlagUntilTimeout
                0x080047bc       0x90 ./Drivers/STM32F1xx_HAL_Driver/Src/stm32f1xx_hal_i2c.o
 .text.I2C_WaitOnRXNEFlagUntilTimeout
                0x0800484c       0xba ./Drivers/STM32F1xx_HAL_Driver/Src/stm32f1xx_hal_i2c.o
 .text.I2C_IsAcknowledgeFailed
                0x08004906       0x5c ./Drivers/STM32F1xx_HAL_Driver/Src/stm32f1xx_hal_i2c.o
 *fill*         0x08004962        0x2 
 .text.HAL_RCC_OscConfig
                0x08004964      0x504 ./Drivers/STM32F1xx_HAL_Driver/Src/stm32f1xx_hal_rcc.o
                0x08004964                HAL_RCC_OscConfig
 .text.HAL_RCC_ClockConfig
                0x08004e68      0x1d4 ./Drivers/STM32F1xx_HAL_Driver/Src/stm32f1xx_hal_rcc.o
                0x08004e68                HAL_RCC_ClockConfig
 .text.HAL_RCC_GetSysClockFreq
                0x0800503c       0xa8 ./Drivers/STM32F1xx_HAL_Driver/Src/stm32f1xx_hal_rcc.o
                0x0800503c                HAL_RCC_GetSysClockFreq
 .text.HAL_RCC_GetHCLKFreq
                0x080050e4       0x14 ./Drivers/STM32F1xx_HAL_Driver/Src/stm32f1xx_hal_rcc.o
                0x080050e4                HAL_RCC_GetHCLKFreq
 .text.HAL_RCC_GetPCLK1Freq
                0x080050f8       0x28 ./Drivers/STM32F1xx_HAL_Driver/Src/stm32f1xx_hal_rcc.o
                0x080050f8                HAL_RCC_GetPCLK1Freq
 .text.RCC_Delay
                0x08005120       0x3c ./Drivers/STM32F1xx_HAL_Driver/Src/stm32f1xx_hal_rcc.o
 .text.HAL_TIM_Base_Init
                0x0800515c       0x9e ./Drivers/STM32F1xx_HAL_Driver/Src/stm32f1xx_hal_tim.o
                0x0800515c                HAL_TIM_Base_Init
 *fill*         0x080051fa        0x2 
 .text.HAL_TIM_Base_Start_IT
                0x080051fc       0xa4 ./Drivers/STM32F1xx_HAL_Driver/Src/stm32f1xx_hal_tim.o
                0x080051fc                HAL_TIM_Base_Start_IT
 .text.HAL_TIM_IC_Init
                0x080052a0       0x9e ./Drivers/STM32F1xx_HAL_Driver/Src/stm32f1xx_hal_tim.o
                0x080052a0                HAL_TIM_IC_Init
 .text.HAL_TIM_IC_MspInit
                0x0800533e       0x12 ./Drivers/STM32F1xx_HAL_Driver/Src/stm32f1xx_hal_tim.o
                0x0800533e                HAL_TIM_IC_MspInit
 .text.HAL_TIM_IC_Start_IT
                0x08005350      0x218 ./Drivers/STM32F1xx_HAL_Driver/Src/stm32f1xx_hal_tim.o
                0x08005350                HAL_TIM_IC_Start_IT
 .text.HAL_TIM_IRQHandler
                0x08005568      0x1e0 ./Drivers/STM32F1xx_HAL_Driver/Src/stm32f1xx_hal_tim.o
                0x08005568                HAL_TIM_IRQHandler
 .text.HAL_TIM_IC_ConfigChannel
                0x08005748      0x138 ./Drivers/STM32F1xx_HAL_Driver/Src/stm32f1xx_hal_tim.o
                0x08005748                HAL_TIM_IC_ConfigChannel
 .text.HAL_TIM_ConfigClockSource
                0x08005880      0x18e ./Drivers/STM32F1xx_HAL_Driver/Src/stm32f1xx_hal_tim.o
                0x08005880                HAL_TIM_ConfigClockSource
 .text.HAL_TIM_OC_DelayElapsedCallback
                0x08005a0e       0x12 ./Drivers/STM32F1xx_HAL_Driver/Src/stm32f1xx_hal_tim.o
                0x08005a0e                HAL_TIM_OC_DelayElapsedCallback
 .text.HAL_TIM_PWM_PulseFinishedCallback
                0x08005a20       0x12 ./Drivers/STM32F1xx_HAL_Driver/Src/stm32f1xx_hal_tim.o
                0x08005a20                HAL_TIM_PWM_PulseFinishedCallback
 .text.HAL_TIM_TriggerCallback
                0x08005a32       0x12 ./Drivers/STM32F1xx_HAL_Driver/Src/stm32f1xx_hal_tim.o
                0x08005a32                HAL_TIM_TriggerCallback
 .text.TIM_Base_SetConfig
                0x08005a44       0xdc ./Drivers/STM32F1xx_HAL_Driver/Src/stm32f1xx_hal_tim.o
                0x08005a44                TIM_Base_SetConfig
 .text.TIM_TI1_SetConfig
                0x08005b20       0xb4 ./Drivers/STM32F1xx_HAL_Driver/Src/stm32f1xx_hal_tim.o
                0x08005b20                TIM_TI1_SetConfig
 .text.TIM_TI1_ConfigInputStage
                0x08005bd4       0x5c ./Drivers/STM32F1xx_HAL_Driver/Src/stm32f1xx_hal_tim.o
 .text.TIM_TI2_SetConfig
                0x08005c30       0x78 ./Drivers/STM32F1xx_HAL_Driver/Src/stm32f1xx_hal_tim.o
 .text.TIM_TI2_ConfigInputStage
                0x08005ca8       0x5e ./Drivers/STM32F1xx_HAL_Driver/Src/stm32f1xx_hal_tim.o
 .text.TIM_TI3_SetConfig
                0x08005d06       0x76 ./Drivers/STM32F1xx_HAL_Driver/Src/stm32f1xx_hal_tim.o
 .text.TIM_TI4_SetConfig
                0x08005d7c       0x78 ./Drivers/STM32F1xx_HAL_Driver/Src/stm32f1xx_hal_tim.o
 .text.TIM_ITRx_SetConfig
                0x08005df4       0x34 ./Drivers/STM32F1xx_HAL_Driver/Src/stm32f1xx_hal_tim.o
 .text.TIM_ETR_SetConfig
                0x08005e28       0x3e ./Drivers/STM32F1xx_HAL_Driver/Src/stm32f1xx_hal_tim.o
                0x08005e28                TIM_ETR_SetConfig
 .text.TIM_CCxChannelCmd
                0x08005e66       0x48 ./Drivers/STM32F1xx_HAL_Driver/Src/stm32f1xx_hal_tim.o
                0x08005e66                TIM_CCxChannelCmd
 *fill*         0x08005eae        0x2 
 .text.HAL_TIMEx_MasterConfigSynchronization
                0x08005eb0       0xbc ./Drivers/STM32F1xx_HAL_Driver/Src/stm32f1xx_hal_tim_ex.o
                0x08005eb0                HAL_TIMEx_MasterConfigSynchronization
 .text.HAL_TIMEx_CommutCallback
                0x08005f6c       0x12 ./Drivers/STM32F1xx_HAL_Driver/Src/stm32f1xx_hal_tim_ex.o
                0x08005f6c                HAL_TIMEx_CommutCallback
 .text.HAL_TIMEx_BreakCallback
                0x08005f7e       0x12 ./Drivers/STM32F1xx_HAL_Driver/Src/stm32f1xx_hal_tim_ex.o
                0x08005f7e                HAL_TIMEx_BreakCallback
 .text.memset   0x08005f90       0x10 D:/STM32/stm32cubeide/STM32CubeIDE/plugins/com.st.stm32cube.ide.mcu.externaltools.gnu-tools-for-stm32.12.3.rel1.win32_1.0.200.202406191623/tools/bin/../lib/gcc/arm-none-eabi/12.3.1/../../../../arm-none-eabi/lib/thumb/v7-m/nofp\libc_nano.a(libc_a-memset.o)
                0x08005f90                memset
 .text.__libc_init_array
                0x08005fa0       0x48 D:/STM32/stm32cubeide/STM32CubeIDE/plugins/com.st.stm32cube.ide.mcu.externaltools.gnu-tools-for-stm32.12.3.rel1.win32_1.0.200.202406191623/tools/bin/../lib/gcc/arm-none-eabi/12.3.1/../../../../arm-none-eabi/lib/thumb/v7-m/nofp\libc_nano.a(libc_a-init.o)
                0x08005fa0                __libc_init_array
 *(.glue_7)
 .glue_7        0x08005fe8        0x0 linker stubs
 *(.glue_7t)
 .glue_7t       0x08005fe8        0x0 linker stubs
 *(.eh_frame)
 .eh_frame      0x08005fe8        0x0 D:/STM32/stm32cubeide/STM32CubeIDE/plugins/com.st.stm32cube.ide.mcu.externaltools.gnu-tools-for-stm32.12.3.rel1.win32_1.0.200.202406191623/tools/bin/../lib/gcc/arm-none-eabi/12.3.1/thumb/v7-m/nofp/crtbegin.o
 *(.init)
 .init          0x08005fe8        0x4 D:/STM32/stm32cubeide/STM32CubeIDE/plugins/com.st.stm32cube.ide.mcu.externaltools.gnu-tools-for-stm32.12.3.rel1.win32_1.0.200.202406191623/tools/bin/../lib/gcc/arm-none-eabi/12.3.1/thumb/v7-m/nofp/crti.o
                0x08005fe8                _init
 .init          0x08005fec        0x8 D:/STM32/stm32cubeide/STM32CubeIDE/plugins/com.st.stm32cube.ide.mcu.externaltools.gnu-tools-for-stm32.12.3.rel1.win32_1.0.200.202406191623/tools/bin/../lib/gcc/arm-none-eabi/12.3.1/thumb/v7-m/nofp/crtn.o
 *(.fini)
 .fini          0x08005ff4        0x4 D:/STM32/stm32cubeide/STM32CubeIDE/plugins/com.st.stm32cube.ide.mcu.externaltools.gnu-tools-for-stm32.12.3.rel1.win32_1.0.200.202406191623/tools/bin/../lib/gcc/arm-none-eabi/12.3.1/thumb/v7-m/nofp/crti.o
                0x08005ff4                _fini
 .fini          0x08005ff8        0x8 D:/STM32/stm32cubeide/STM32CubeIDE/plugins/com.st.stm32cube.ide.mcu.externaltools.gnu-tools-for-stm32.12.3.rel1.win32_1.0.200.202406191623/tools/bin/../lib/gcc/arm-none-eabi/12.3.1/thumb/v7-m/nofp/crtn.o
                0x08006000                        . = ALIGN (0x4)
                0x08006000                        _etext = .

.vfp11_veneer   0x08006000        0x0
 .vfp11_veneer  0x08006000        0x0 linker stubs

.v4_bx          0x08006000        0x0
 .v4_bx         0x08006000        0x0 linker stubs

.iplt           0x08006000        0x0
 .iplt          0x08006000        0x0 D:/STM32/stm32cubeide/STM32CubeIDE/plugins/com.st.stm32cube.ide.mcu.externaltools.gnu-tools-for-stm32.12.3.rel1.win32_1.0.200.202406191623/tools/bin/../lib/gcc/arm-none-eabi/12.3.1/thumb/v7-m/nofp/crtbegin.o

.rodata         0x08006000       0x2c
                0x08006000                        . = ALIGN (0x4)
 *(.rodata)
 *(.rodata*)
 .rodata.AHBPrescTable
                0x08006000       0x10 ./Core/Src/system_stm32f1xx.o
                0x08006000                AHBPrescTable
 .rodata.APBPrescTable
                0x08006010        0x8 ./Core/Src/system_stm32f1xx.o
                0x08006010                APBPrescTable
 .rodata.aPLLMULFactorTable.1
                0x08006018       0x10 ./Drivers/STM32F1xx_HAL_Driver/Src/stm32f1xx_hal_rcc.o
 .rodata.aPredivFactorTable.0
                0x08006028        0x2 ./Drivers/STM32F1xx_HAL_Driver/Src/stm32f1xx_hal_rcc.o
                0x0800602c                        . = ALIGN (0x4)
 *fill*         0x0800602a        0x2 

.ARM.extab      0x0800602c        0x0
                0x0800602c                        . = ALIGN (0x4)
 *(.ARM.extab* .gnu.linkonce.armextab.*)
                0x0800602c                        . = ALIGN (0x4)

.ARM            0x0800602c        0x0
                0x0800602c                        . = ALIGN (0x4)
                0x0800602c                        __exidx_start = .
 *(.ARM.exidx*)
                0x0800602c                        __exidx_end = .
                0x0800602c                        . = ALIGN (0x4)

.preinit_array  0x0800602c        0x0
                0x0800602c                        . = ALIGN (0x4)
                0x0800602c                        PROVIDE (__preinit_array_start = .)
 *(.preinit_array*)
                0x0800602c                        PROVIDE (__preinit_array_end = .)
                0x0800602c                        . = ALIGN (0x4)

.init_array     0x0800602c        0x4
                0x0800602c                        . = ALIGN (0x4)
                0x0800602c                        PROVIDE (__init_array_start = .)
 *(SORT_BY_NAME(.init_array.*))
 *(.init_array*)
 .init_array    0x0800602c        0x4 D:/STM32/stm32cubeide/STM32CubeIDE/plugins/com.st.stm32cube.ide.mcu.externaltools.gnu-tools-for-stm32.12.3.rel1.win32_1.0.200.202406191623/tools/bin/../lib/gcc/arm-none-eabi/12.3.1/thumb/v7-m/nofp/crtbegin.o
                0x08006030                        PROVIDE (__init_array_end = .)
                0x08006030                        . = ALIGN (0x4)

.fini_array     0x08006030        0x4
                0x08006030                        . = ALIGN (0x4)
                [!provide]                        PROVIDE (__fini_array_start = .)
 *(SORT_BY_NAME(.fini_array.*))
 *(.fini_array*)
 .fini_array    0x08006030        0x4 D:/STM32/stm32cubeide/STM32CubeIDE/plugins/com.st.stm32cube.ide.mcu.externaltools.gnu-tools-for-stm32.12.3.rel1.win32_1.0.200.202406191623/tools/bin/../lib/gcc/arm-none-eabi/12.3.1/thumb/v7-m/nofp/crtbegin.o
                [!provide]                        PROVIDE (__fini_array_end = .)
                0x08006034                        . = ALIGN (0x4)
                0x08006034                        _sidata = LOADADDR (.data)

.rel.dyn        0x08006034        0x0
 .rel.iplt      0x08006034        0x0 D:/STM32/stm32cubeide/STM32CubeIDE/plugins/com.st.stm32cube.ide.mcu.externaltools.gnu-tools-for-stm32.12.3.rel1.win32_1.0.200.202406191623/tools/bin/../lib/gcc/arm-none-eabi/12.3.1/thumb/v7-m/nofp/crtbegin.o

.data           0x20000000       0x14 load address 0x08006034
                0x20000000                        . = ALIGN (0x4)
                0x20000000                        _sdata = .
 *(.data)
 *(.data*)
 .data.f_EncPress
                0x20000000        0x1 ./Core/Src/main.o
                0x20000000                f_EncPress
 .data.stage_calibration
                0x20000001        0x1 ./Core/Src/main.o
                0x20000001                stage_calibration
 .data.mode     0x20000002        0x1 ./Core/Src/stm32f1xx_it.o
                0x20000002                mode
 .data.current_digit
                0x20000003        0x1 ./Core/Src/stm32f1xx_it.o
                0x20000003                current_digit
 .data.data     0x20000004        0x1 ./Core/Src/stm32f1xx_it.o
                0x20000004                data
 *fill*         0x20000005        0x3 
 .data.SystemCoreClock
                0x20000008        0x4 ./Core/Src/system_stm32f1xx.o
                0x20000008                SystemCoreClock
 .data.uwTickPrio
                0x2000000c        0x4 ./Drivers/STM32F1xx_HAL_Driver/Src/stm32f1xx_hal.o
                0x2000000c                uwTickPrio
 .data.uwTickFreq
                0x20000010        0x1 ./Drivers/STM32F1xx_HAL_Driver/Src/stm32f1xx_hal.o
                0x20000010                uwTickFreq
 *(.RamFunc)
 *(.RamFunc*)
                0x20000014                        . = ALIGN (0x4)
 *fill*         0x20000011        0x3 
                0x20000014                        _edata = .

.igot.plt       0x20000014        0x0 load address 0x08006048
 .igot.plt      0x20000014        0x0 D:/STM32/stm32cubeide/STM32CubeIDE/plugins/com.st.stm32cube.ide.mcu.externaltools.gnu-tools-for-stm32.12.3.rel1.win32_1.0.200.202406191623/tools/bin/../lib/gcc/arm-none-eabi/12.3.1/thumb/v7-m/nofp/crtbegin.o
                0x20000014                        . = ALIGN (0x4)

.bss            0x20000018      0x1a0 load address 0x08006048
                0x20000018                        _sbss = .
                0x20000018                        __bss_start__ = _sbss
 *(.bss)
 .bss           0x20000018       0x1c D:/STM32/stm32cubeide/STM32CubeIDE/plugins/com.st.stm32cube.ide.mcu.externaltools.gnu-tools-for-stm32.12.3.rel1.win32_1.0.200.202406191623/tools/bin/../lib/gcc/arm-none-eabi/12.3.1/thumb/v7-m/nofp/crtbegin.o
 *(.bss*)
 .bss.time_EncPress
                0x20000034        0x4 ./Core/Src/main.o
                0x20000034                time_EncPress
 .bss.button_cond
                0x20000038        0x1 ./Core/Src/main.o
                0x20000038                button_cond
 .bss.press_flag
                0x20000039        0x1 ./Core/Src/main.o
                0x20000039                press_flag
 .bss.long_press_flag
                0x2000003a        0x1 ./Core/Src/main.o
                0x2000003a                long_press_flag
 *fill*         0x2000003b        0x1 
 .bss.last_press
                0x2000003c        0x4 ./Core/Src/main.o
                0x2000003c                last_press
 .bss.number    0x20000040        0x4 ./Core/Src/main.o
                0x20000040                number
 .bss.alarm     0x20000044        0x2 ./Core/Src/main.o
                0x20000044                alarm
 *fill*         0x20000046        0x2 
 .bss.write_alarm
                0x20000048       0x10 ./Core/Src/main.o
                0x20000048                write_alarm
 .bss.read_alarm
                0x20000058       0x10 ./Core/Src/main.o
                0x20000058                read_alarm
 .bss.f_FlashError
                0x20000068        0x1 ./Core/Src/main.o
                0x20000068                f_FlashError
 *fill*         0x20000069        0x3 
 .bss.time      0x2000006c        0x7 ./Core/Src/main.o
                0x2000006c                time
 *fill*         0x20000073        0x1 
 .bss.temperature
                0x20000074        0x4 ./Core/Src/main.o
                0x20000074                temperature
 .bss.f_ClockNotCalibrated
                0x20000078        0x1 ./Core/Src/main.o
                0x20000078                f_ClockNotCalibrated
 *fill*         0x20000079        0x3 
 .bss.calibration
                0x2000007c        0x4 ./Core/Src/main.o
                0x2000007c                calibration
 .bss.hcrc      0x20000080        0x8 ./Core/Src/main.o
                0x20000080                hcrc
 .bss.hi2c1     0x20000088       0x54 ./Core/Src/main.o
                0x20000088                hi2c1
 .bss.htim1     0x200000dc       0x48 ./Core/Src/main.o
                0x200000dc                htim1
 .bss.htim2     0x20000124       0x48 ./Core/Src/main.o
                0x20000124                htim2
 .bss.EraseInitStruct.0
                0x2000016c       0x10 ./Core/Src/main.o
 .bss.t_ENCS1COUNTs
                0x2000017c        0x2 ./Core/Src/stm32f1xx_it.o
                0x2000017c                t_ENCS1COUNTs
 .bss.t_ENCS2COUNTs
                0x2000017e        0x2 ./Core/Src/stm32f1xx_it.o
                0x2000017e                t_ENCS2COUNTs
 .bss.t_ENCS1State
                0x20000180        0x1 ./Core/Src/stm32f1xx_it.o
                0x20000180                t_ENCS1State
 .bss.t_ENCS2State
                0x20000181        0x1 ./Core/Src/stm32f1xx_it.o
                0x20000181                t_ENCS2State
 .bss.t_LastFALLING_ENCChannel
                0x20000182        0x1 ./Core/Src/stm32f1xx_it.o
                0x20000182                t_LastFALLING_ENCChannel
 .bss.current_number
                0x20000183        0x1 ./Core/Src/stm32f1xx_it.o
                0x20000183                current_number
 .bss.f_SetAlarm
                0x20000184        0x1 ./Core/Src/stm32f1xx_it.o
                0x20000184                f_SetAlarm
 .bss.counts    0x20000185        0x1 ./Core/Src/stm32f1xx_it.o
                0x20000185                counts
 .bss.counts_long
                0x20000186        0x1 ./Core/Src/stm32f1xx_it.o
                0x20000186                counts_long
 .bss.tim2_ChangeData
                0x20000187        0x1 ./Core/Src/stm32f1xx_it.o
                0x20000187                tim2_ChangeData
 .bss.tim2_ResetAlarmMode
                0x20000188        0x1 ./Core/Src/stm32f1xx_it.o
                0x20000188                tim2_ResetAlarmMode
 .bss.tim2_Hi   0x20000189        0x1 ./Core/Src/stm32f1xx_it.o
                0x20000189                tim2_Hi
 .bss.tim2_AlarmCounter
                0x2000018a        0x2 ./Core/Src/stm32f1xx_it.o
                0x2000018a                tim2_AlarmCounter
 .bss.tim2_ResetCalibrationMode
                0x2000018c        0x2 ./Core/Src/stm32f1xx_it.o
                0x2000018c                tim2_ResetCalibrationMode
 .bss.f_Alarm   0x2000018e        0x1 ./Core/Src/stm32f1xx_it.o
                0x2000018e                f_Alarm
 .bss.f_StartWork
                0x2000018f        0x1 ./Core/Src/stm32f1xx_it.o
                0x2000018f                f_StartWork
 .bss.f_SaveAlarm
                0x20000190        0x1 ./Core/Src/stm32f1xx_it.o
                0x20000190                f_SaveAlarm
 *fill*         0x20000191        0x3 
 .bss.uwTick    0x20000194        0x4 ./Drivers/STM32F1xx_HAL_Driver/Src/stm32f1xx_hal.o
                0x20000194                uwTick
 .bss.pFlash    0x20000198       0x20 ./Drivers/STM32F1xx_HAL_Driver/Src/stm32f1xx_hal_flash.o
                0x20000198                pFlash
 *(COMMON)
                0x200001b8                        . = ALIGN (0x4)
                0x200001b8                        _ebss = .
                0x200001b8                        __bss_end__ = _ebss

._user_heap_stack
                0x200001b8      0x600 load address 0x08006048
                0x200001b8                        . = ALIGN (0x8)
                [!provide]                        PROVIDE (end = .)
                0x200001b8                        PROVIDE (_end = .)
                0x200003b8                        . = (. + _Min_Heap_Size)
 *fill*         0x200001b8      0x200 
                0x200007b8                        . = (. + _Min_Stack_Size)
 *fill*         0x200003b8      0x400 
                0x200007b8                        . = ALIGN (0x8)

/DISCARD/
 libc.a(*)
 libm.a(*)
 libgcc.a(*)

.ARM.attributes
                0x00000000       0x29
 *(.ARM.attributes)
 .ARM.attributes
                0x00000000       0x1d D:/STM32/stm32cubeide/STM32CubeIDE/plugins/com.st.stm32cube.ide.mcu.externaltools.gnu-tools-for-stm32.12.3.rel1.win32_1.0.200.202406191623/tools/bin/../lib/gcc/arm-none-eabi/12.3.1/thumb/v7-m/nofp/crti.o
 .ARM.attributes
                0x0000001d       0x2d D:/STM32/stm32cubeide/STM32CubeIDE/plugins/com.st.stm32cube.ide.mcu.externaltools.gnu-tools-for-stm32.12.3.rel1.win32_1.0.200.202406191623/tools/bin/../lib/gcc/arm-none-eabi/12.3.1/thumb/v7-m/nofp/crtbegin.o
 .ARM.attributes
                0x0000004a       0x2d ./Core/Src/4x_7-seg_display.o
 .ARM.attributes
                0x00000077       0x2d ./Core/Src/main.o
 .ARM.attributes
                0x000000a4       0x2d ./Core/Src/stm32f1xx_hal_msp.o
 .ARM.attributes
                0x000000d1       0x2d ./Core/Src/stm32f1xx_it.o
 .ARM.attributes
                0x000000fe       0x2d ./Core/Src/system_stm32f1xx.o
 .ARM.attributes
                0x0000012b       0x21 ./Core/Startup/startup_stm32f103c8tx.o
 .ARM.attributes
                0x0000014c       0x2d ./Drivers/STM32F1xx_HAL_Driver/Src/stm32f1xx_hal.o
 .ARM.attributes
                0x00000179       0x2d ./Drivers/STM32F1xx_HAL_Driver/Src/stm32f1xx_hal_cortex.o
 .ARM.attributes
                0x000001a6       0x2d ./Drivers/STM32F1xx_HAL_Driver/Src/stm32f1xx_hal_crc.o
 .ARM.attributes
                0x000001d3       0x2d ./Drivers/STM32F1xx_HAL_Driver/Src/stm32f1xx_hal_flash.o
 .ARM.attributes
                0x00000200       0x2d ./Drivers/STM32F1xx_HAL_Driver/Src/stm32f1xx_hal_flash_ex.o
 .ARM.attributes
                0x0000022d       0x2d ./Drivers/STM32F1xx_HAL_Driver/Src/stm32f1xx_hal_gpio.o
 .ARM.attributes
                0x0000025a       0x2d ./Drivers/STM32F1xx_HAL_Driver/Src/stm32f1xx_hal_i2c.o
 .ARM.attributes
                0x00000287       0x2d ./Drivers/STM32F1xx_HAL_Driver/Src/stm32f1xx_hal_rcc.o
 .ARM.attributes
                0x000002b4       0x2d ./Drivers/STM32F1xx_HAL_Driver/Src/stm32f1xx_hal_tim.o
 .ARM.attributes
                0x000002e1       0x2d ./Drivers/STM32F1xx_HAL_Driver/Src/stm32f1xx_hal_tim_ex.o
 .ARM.attributes
                0x0000030e       0x2d D:/STM32/stm32cubeide/STM32CubeIDE/plugins/com.st.stm32cube.ide.mcu.externaltools.gnu-tools-for-stm32.12.3.rel1.win32_1.0.200.202406191623/tools/bin/../lib/gcc/arm-none-eabi/12.3.1/../../../../arm-none-eabi/lib/thumb/v7-m/nofp\libc_nano.a(libc_a-memset.o)
 .ARM.attributes
                0x0000033b       0x2d D:/STM32/stm32cubeide/STM32CubeIDE/plugins/com.st.stm32cube.ide.mcu.externaltools.gnu-tools-for-stm32.12.3.rel1.win32_1.0.200.202406191623/tools/bin/../lib/gcc/arm-none-eabi/12.3.1/../../../../arm-none-eabi/lib/thumb/v7-m/nofp\libc_nano.a(libc_a-init.o)
 .ARM.attributes
                0x00000368       0x1d D:/STM32/stm32cubeide/STM32CubeIDE/plugins/com.st.stm32cube.ide.mcu.externaltools.gnu-tools-for-stm32.12.3.rel1.win32_1.0.200.202406191623/tools/bin/../lib/gcc/arm-none-eabi/12.3.1/thumb/v7-m/nofp\libgcc.a(_arm_addsubdf3.o)
 .ARM.attributes
                0x00000385       0x1d D:/STM32/stm32cubeide/STM32CubeIDE/plugins/com.st.stm32cube.ide.mcu.externaltools.gnu-tools-for-stm32.12.3.rel1.win32_1.0.200.202406191623/tools/bin/../lib/gcc/arm-none-eabi/12.3.1/thumb/v7-m/nofp\libgcc.a(_arm_muldivdf3.o)
 .ARM.attributes
                0x000003a2       0x1d D:/STM32/stm32cubeide/STM32CubeIDE/plugins/com.st.stm32cube.ide.mcu.externaltools.gnu-tools-for-stm32.12.3.rel1.win32_1.0.200.202406191623/tools/bin/../lib/gcc/arm-none-eabi/12.3.1/thumb/v7-m/nofp\libgcc.a(_arm_truncdfsf2.o)
 .ARM.attributes
                0x000003bf       0x1d D:/STM32/stm32cubeide/STM32CubeIDE/plugins/com.st.stm32cube.ide.mcu.externaltools.gnu-tools-for-stm32.12.3.rel1.win32_1.0.200.202406191623/tools/bin/../lib/gcc/arm-none-eabi/12.3.1/thumb/v7-m/nofp\libgcc.a(_arm_fixsfsi.o)
 .ARM.attributes
                0x000003dc       0x1d D:/STM32/stm32cubeide/STM32CubeIDE/plugins/com.st.stm32cube.ide.mcu.externaltools.gnu-tools-for-stm32.12.3.rel1.win32_1.0.200.202406191623/tools/bin/../lib/gcc/arm-none-eabi/12.3.1/thumb/v7-m/nofp/crtn.o
OUTPUT(AlarmClock_1.elf elf32-littlearm)
LOAD linker stubs
LOAD D:/STM32/stm32cubeide/STM32CubeIDE/plugins/com.st.stm32cube.ide.mcu.externaltools.gnu-tools-for-stm32.12.3.rel1.win32_1.0.200.202406191623/tools/bin/../lib/gcc/arm-none-eabi/12.3.1/../../../../arm-none-eabi/lib/thumb/v7-m/nofp\libc.a
LOAD D:/STM32/stm32cubeide/STM32CubeIDE/plugins/com.st.stm32cube.ide.mcu.externaltools.gnu-tools-for-stm32.12.3.rel1.win32_1.0.200.202406191623/tools/bin/../lib/gcc/arm-none-eabi/12.3.1/../../../../arm-none-eabi/lib/thumb/v7-m/nofp\libm.a
LOAD D:/STM32/stm32cubeide/STM32CubeIDE/plugins/com.st.stm32cube.ide.mcu.externaltools.gnu-tools-for-stm32.12.3.rel1.win32_1.0.200.202406191623/tools/bin/../lib/gcc/arm-none-eabi/12.3.1/thumb/v7-m/nofp\libgcc.a

.debug_info     0x00000000     0xc97c
 .debug_info    0x00000000      0x40a ./Core/Src/4x_7-seg_display.o
 .debug_info    0x0000040a     0x18ba ./Core/Src/main.o
 .debug_info    0x00001cc4      0xf1e ./Core/Src/stm32f1xx_hal_msp.o
 .debug_info    0x00002be2      0x937 ./Core/Src/stm32f1xx_it.o
 .debug_info    0x00003519      0x222 ./Core/Src/system_stm32f1xx.o
 .debug_info    0x0000373b       0x30 ./Core/Startup/startup_stm32f103c8tx.o
 .debug_info    0x0000376b      0x704 ./Drivers/STM32F1xx_HAL_Driver/Src/stm32f1xx_hal.o
 .debug_info    0x00003e6f      0xa87 ./Drivers/STM32F1xx_HAL_Driver/Src/stm32f1xx_hal_cortex.o
 .debug_info    0x000048f6      0x37f ./Drivers/STM32F1xx_HAL_Driver/Src/stm32f1xx_hal_crc.o
 .debug_info    0x00004c75      0x4f8 ./Drivers/STM32F1xx_HAL_Driver/Src/stm32f1xx_hal_flash.o
 .debug_info    0x0000516d      0x777 ./Drivers/STM32F1xx_HAL_Driver/Src/stm32f1xx_hal_flash_ex.o
 .debug_info    0x000058e4      0x5ab ./Drivers/STM32F1xx_HAL_Driver/Src/stm32f1xx_hal_gpio.o
 .debug_info    0x00005e8f     0x2524 ./Drivers/STM32F1xx_HAL_Driver/Src/stm32f1xx_hal_i2c.o
 .debug_info    0x000083b3      0x7d5 ./Drivers/STM32F1xx_HAL_Driver/Src/stm32f1xx_hal_rcc.o
 .debug_info    0x00008b88     0x2959 ./Drivers/STM32F1xx_HAL_Driver/Src/stm32f1xx_hal_tim.o
 .debug_info    0x0000b4e1     0x149b ./Drivers/STM32F1xx_HAL_Driver/Src/stm32f1xx_hal_tim_ex.o

.debug_abbrev   0x00000000     0x2216
 .debug_abbrev  0x00000000      0x1c4 ./Core/Src/4x_7-seg_display.o
 .debug_abbrev  0x000001c4      0x388 ./Core/Src/main.o
 .debug_abbrev  0x0000054c      0x21e ./Core/Src/stm32f1xx_hal_msp.o
 .debug_abbrev  0x0000076a      0x1ef ./Core/Src/stm32f1xx_it.o
 .debug_abbrev  0x00000959      0x13f ./Core/Src/system_stm32f1xx.o
 .debug_abbrev  0x00000a98       0x24 ./Core/Startup/startup_stm32f103c8tx.o
 .debug_abbrev  0x00000abc      0x201 ./Drivers/STM32F1xx_HAL_Driver/Src/stm32f1xx_hal.o
 .debug_abbrev  0x00000cbd      0x2f8 ./Drivers/STM32F1xx_HAL_Driver/Src/stm32f1xx_hal_cortex.o
 .debug_abbrev  0x00000fb5      0x1b1 ./Drivers/STM32F1xx_HAL_Driver/Src/stm32f1xx_hal_crc.o
 .debug_abbrev  0x00001166      0x250 ./Drivers/STM32F1xx_HAL_Driver/Src/stm32f1xx_hal_flash.o
 .debug_abbrev  0x000013b6      0x247 ./Drivers/STM32F1xx_HAL_Driver/Src/stm32f1xx_hal_flash_ex.o
 .debug_abbrev  0x000015fd      0x1ca ./Drivers/STM32F1xx_HAL_Driver/Src/stm32f1xx_hal_gpio.o
 .debug_abbrev  0x000017c7      0x2a3 ./Drivers/STM32F1xx_HAL_Driver/Src/stm32f1xx_hal_i2c.o
 .debug_abbrev  0x00001a6a      0x2b3 ./Drivers/STM32F1xx_HAL_Driver/Src/stm32f1xx_hal_rcc.o
 .debug_abbrev  0x00001d1d      0x277 ./Drivers/STM32F1xx_HAL_Driver/Src/stm32f1xx_hal_tim.o
 .debug_abbrev  0x00001f94      0x282 ./Drivers/STM32F1xx_HAL_Driver/Src/stm32f1xx_hal_tim_ex.o

.debug_aranges  0x00000000      0xef8
 .debug_aranges
                0x00000000       0x80 ./Core/Src/4x_7-seg_display.o
 .debug_aranges
                0x00000080      0x128 ./Core/Src/main.o
 .debug_aranges
                0x000001a8       0x50 ./Core/Src/stm32f1xx_hal_msp.o
 .debug_aranges
                0x000001f8       0x98 ./Core/Src/stm32f1xx_it.o
 .debug_aranges
                0x00000290       0x28 ./Core/Src/system_stm32f1xx.o
 .debug_aranges
                0x000002b8       0x28 ./Core/Startup/startup_stm32f103c8tx.o
 .debug_aranges
                0x000002e0       0xe0 ./Drivers/STM32F1xx_HAL_Driver/Src/stm32f1xx_hal.o
 .debug_aranges
                0x000003c0      0x100 ./Drivers/STM32F1xx_HAL_Driver/Src/stm32f1xx_hal_cortex.o
 .debug_aranges
                0x000004c0       0x50 ./Drivers/STM32F1xx_HAL_Driver/Src/stm32f1xx_hal_crc.o
 .debug_aranges
                0x00000510       0x88 ./Drivers/STM32F1xx_HAL_Driver/Src/stm32f1xx_hal_flash.o
 .debug_aranges
                0x00000598       0x98 ./Drivers/STM32F1xx_HAL_Driver/Src/stm32f1xx_hal_flash_ex.o
 .debug_aranges
                0x00000630       0x58 ./Drivers/STM32F1xx_HAL_Driver/Src/stm32f1xx_hal_gpio.o
 .debug_aranges
                0x00000688      0x2a8 ./Drivers/STM32F1xx_HAL_Driver/Src/stm32f1xx_hal_i2c.o
 .debug_aranges
                0x00000930       0x90 ./Drivers/STM32F1xx_HAL_Driver/Src/stm32f1xx_hal_rcc.o
 .debug_aranges
                0x000009c0      0x3d0 ./Drivers/STM32F1xx_HAL_Driver/Src/stm32f1xx_hal_tim.o
 .debug_aranges
                0x00000d90      0x168 ./Drivers/STM32F1xx_HAL_Driver/Src/stm32f1xx_hal_tim_ex.o

.debug_rnglists
                0x00000000      0xbbd
 .debug_rnglists
                0x00000000       0x62 ./Core/Src/4x_7-seg_display.o
 .debug_rnglists
                0x00000062       0xec ./Core/Src/main.o
 .debug_rnglists
                0x0000014e       0x39 ./Core/Src/stm32f1xx_hal_msp.o
 .debug_rnglists
                0x00000187       0x6f ./Core/Src/stm32f1xx_it.o
 .debug_rnglists
                0x000001f6       0x1a ./Core/Src/system_stm32f1xx.o
 .debug_rnglists
                0x00000210       0x19 ./Core/Startup/startup_stm32f103c8tx.o
 .debug_rnglists
                0x00000229       0xa3 ./Drivers/STM32F1xx_HAL_Driver/Src/stm32f1xx_hal.o
 .debug_rnglists
                0x000002cc       0xbb ./Drivers/STM32F1xx_HAL_Driver/Src/stm32f1xx_hal_cortex.o
 .debug_rnglists
                0x00000387       0x37 ./Drivers/STM32F1xx_HAL_Driver/Src/stm32f1xx_hal_crc.o
 .debug_rnglists
                0x000003be       0x66 ./Drivers/STM32F1xx_HAL_Driver/Src/stm32f1xx_hal_flash.o
 .debug_rnglists
                0x00000424       0x73 ./Drivers/STM32F1xx_HAL_Driver/Src/stm32f1xx_hal_flash_ex.o
 .debug_rnglists
                0x00000497       0x3f ./Drivers/STM32F1xx_HAL_Driver/Src/stm32f1xx_hal_gpio.o
 .debug_rnglists
                0x000004d6      0x23c ./Drivers/STM32F1xx_HAL_Driver/Src/stm32f1xx_hal_i2c.o
 .debug_rnglists
                0x00000712       0x6c ./Drivers/STM32F1xx_HAL_Driver/Src/stm32f1xx_hal_rcc.o
 .debug_rnglists
                0x0000077e      0x31a ./Drivers/STM32F1xx_HAL_Driver/Src/stm32f1xx_hal_tim.o
 .debug_rnglists
                0x00000a98      0x125 ./Drivers/STM32F1xx_HAL_Driver/Src/stm32f1xx_hal_tim_ex.o

.debug_macro    0x00000000    0x1813a
 .debug_macro   0x00000000      0x309 ./Core/Src/4x_7-seg_display.o
 .debug_macro   0x00000309      0xaa8 ./Core/Src/4x_7-seg_display.o
 .debug_macro   0x00000db1      0x221 ./Core/Src/4x_7-seg_display.o
 .debug_macro   0x00000fd2       0x2e ./Core/Src/4x_7-seg_display.o
 .debug_macro   0x00001000       0x22 ./Core/Src/4x_7-seg_display.o
 .debug_macro   0x00001022       0x22 ./Core/Src/4x_7-seg_display.o
 .debug_macro   0x00001044       0x8e ./Core/Src/4x_7-seg_display.o
 .debug_macro   0x000010d2       0x51 ./Core/Src/4x_7-seg_display.o
 .debug_macro   0x00001123      0x103 ./Core/Src/4x_7-seg_display.o
 .debug_macro   0x00001226       0x6a ./Core/Src/4x_7-seg_display.o
 .debug_macro   0x00001290      0x1df ./Core/Src/4x_7-seg_display.o
 .debug_macro   0x0000146f       0x1c ./Core/Src/4x_7-seg_display.o
 .debug_macro   0x0000148b       0x22 ./Core/Src/4x_7-seg_display.o
 .debug_macro   0x000014ad       0xbd ./Core/Src/4x_7-seg_display.o
 .debug_macro   0x0000156a      0xd23 ./Core/Src/4x_7-seg_display.o
 .debug_macro   0x0000228d     0xe09e ./Core/Src/4x_7-seg_display.o
 .debug_macro   0x0001032b       0x6d ./Core/Src/4x_7-seg_display.o
 .debug_macro   0x00010398     0x34a2 ./Core/Src/4x_7-seg_display.o
 .debug_macro   0x0001383a      0x189 ./Core/Src/4x_7-seg_display.o
 .debug_macro   0x000139c3       0x5c ./Core/Src/4x_7-seg_display.o
 .debug_macro   0x00013a1f      0x5bc ./Core/Src/4x_7-seg_display.o
 .debug_macro   0x00013fdb      0x289 ./Core/Src/4x_7-seg_display.o
 .debug_macro   0x00014264      0x1cb ./Core/Src/4x_7-seg_display.o
 .debug_macro   0x0001442f      0x114 ./Core/Src/4x_7-seg_display.o
 .debug_macro   0x00014543      0x1b2 ./Core/Src/4x_7-seg_display.o
 .debug_macro   0x000146f5       0x27 ./Core/Src/4x_7-seg_display.o
 .debug_macro   0x0001471c      0x136 ./Core/Src/4x_7-seg_display.o
 .debug_macro   0x00014852      0x1bc ./Core/Src/4x_7-seg_display.o
 .debug_macro   0x00014a0e       0x34 ./Core/Src/4x_7-seg_display.o
 .debug_macro   0x00014a42       0x3c ./Core/Src/4x_7-seg_display.o
 .debug_macro   0x00014a7e       0x57 ./Core/Src/4x_7-seg_display.o
 .debug_macro   0x00014ad5       0x22 ./Core/Src/4x_7-seg_display.o
 .debug_macro   0x00014af7       0x87 ./Core/Src/4x_7-seg_display.o
 .debug_macro   0x00014b7e      0x240 ./Core/Src/4x_7-seg_display.o
 .debug_macro   0x00014dbe      0x287 ./Core/Src/4x_7-seg_display.o
 .debug_macro   0x00015045      0x140 ./Core/Src/4x_7-seg_display.o
 .debug_macro   0x00015185      0x8ed ./Core/Src/4x_7-seg_display.o
 .debug_macro   0x00015a72       0x83 ./Core/Src/4x_7-seg_display.o
 .debug_macro   0x00015af5       0xc4 ./Core/Src/4x_7-seg_display.o
 .debug_macro   0x00015bb9       0x24 ./Core/Src/4x_7-seg_display.o
 .debug_macro   0x00015bdd       0x61 ./Core/Src/4x_7-seg_display.o
 .debug_macro   0x00015c3e       0x43 ./Core/Src/4x_7-seg_display.o
 .debug_macro   0x00015c81       0x34 ./Core/Src/4x_7-seg_display.o
 .debug_macro   0x00015cb5       0x16 ./Core/Src/4x_7-seg_display.o
 .debug_macro   0x00015ccb       0x35 ./Core/Src/4x_7-seg_display.o
 .debug_macro   0x00015d00       0x16 ./Core/Src/4x_7-seg_display.o
 .debug_macro   0x00015d16       0x43 ./Core/Src/4x_7-seg_display.o
 .debug_macro   0x00015d59       0x34 ./Core/Src/4x_7-seg_display.o
 .debug_macro   0x00015d8d       0x10 ./Core/Src/4x_7-seg_display.o
 .debug_macro   0x00015d9d       0x58 ./Core/Src/4x_7-seg_display.o
 .debug_macro   0x00015df5       0x8e ./Core/Src/4x_7-seg_display.o
 .debug_macro   0x00015e83       0x1c ./Core/Src/4x_7-seg_display.o
 .debug_macro   0x00015e9f      0x177 ./Core/Src/4x_7-seg_display.o
 .debug_macro   0x00016016      0x369 ./Core/Src/4x_7-seg_display.o
 .debug_macro   0x0001637f       0x16 ./Core/Src/4x_7-seg_display.o
 .debug_macro   0x00016395       0x29 ./Core/Src/4x_7-seg_display.o
 .debug_macro   0x000163be       0x16 ./Core/Src/4x_7-seg_display.o
 .debug_macro   0x000163d4       0x20 ./Core/Src/4x_7-seg_display.o
 .debug_macro   0x000163f4      0x19b ./Core/Src/4x_7-seg_display.o
 .debug_macro   0x0001658f       0x1c ./Core/Src/4x_7-seg_display.o
 .debug_macro   0x000165ab       0x10 ./Core/Src/4x_7-seg_display.o
 .debug_macro   0x000165bb       0x1c ./Core/Src/4x_7-seg_display.o
 .debug_macro   0x000165d7       0x16 ./Core/Src/4x_7-seg_display.o
 .debug_macro   0x000165ed      0x146 ./Core/Src/4x_7-seg_display.o
 .debug_macro   0x00016733      0x314 ./Core/Src/main.o
 .debug_macro   0x00016a47      0x1bc ./Core/Src/stm32f1xx_hal_msp.o
 .debug_macro   0x00016c03      0x1c6 ./Core/Src/stm32f1xx_it.o
 .debug_macro   0x00016dc9      0x1ad ./Core/Src/system_stm32f1xx.o
 .debug_macro   0x00016f76      0x1d1 ./Drivers/STM32F1xx_HAL_Driver/Src/stm32f1xx_hal.o
 .debug_macro   0x00017147      0x1ad ./Drivers/STM32F1xx_HAL_Driver/Src/stm32f1xx_hal_cortex.o
 .debug_macro   0x000172f4      0x1ad ./Drivers/STM32F1xx_HAL_Driver/Src/stm32f1xx_hal_crc.o
 .debug_macro   0x000174a1      0x1ad ./Drivers/STM32F1xx_HAL_Driver/Src/stm32f1xx_hal_flash.o
 .debug_macro   0x0001764e      0x1bf ./Drivers/STM32F1xx_HAL_Driver/Src/stm32f1xx_hal_flash_ex.o
 .debug_macro   0x0001780d      0x218 ./Drivers/STM32F1xx_HAL_Driver/Src/stm32f1xx_hal_gpio.o
 .debug_macro   0x00017a25      0x1fb ./Drivers/STM32F1xx_HAL_Driver/Src/stm32f1xx_hal_i2c.o
 .debug_macro   0x00017c20      0x1bf ./Drivers/STM32F1xx_HAL_Driver/Src/stm32f1xx_hal_rcc.o
 .debug_macro   0x00017ddf      0x1ae ./Drivers/STM32F1xx_HAL_Driver/Src/stm32f1xx_hal_tim.o
 .debug_macro   0x00017f8d      0x1ad ./Drivers/STM32F1xx_HAL_Driver/Src/stm32f1xx_hal_tim_ex.o

.debug_line     0x00000000    0x10fbf
 .debug_line    0x00000000      0xcee ./Core/Src/4x_7-seg_display.o
 .debug_line    0x00000cee     0x137c ./Core/Src/main.o
 .debug_line    0x0000206a      0x805 ./Core/Src/stm32f1xx_hal_msp.o
 .debug_line    0x0000286f      0x975 ./Core/Src/stm32f1xx_it.o
 .debug_line    0x000031e4      0x789 ./Core/Src/system_stm32f1xx.o
 .debug_line    0x0000396d       0x78 ./Core/Startup/startup_stm32f103c8tx.o
 .debug_line    0x000039e5      0x9b6 ./Drivers/STM32F1xx_HAL_Driver/Src/stm32f1xx_hal.o
 .debug_line    0x0000439b      0xba2 ./Drivers/STM32F1xx_HAL_Driver/Src/stm32f1xx_hal_cortex.o
 .debug_line    0x00004f3d      0x851 ./Drivers/STM32F1xx_HAL_Driver/Src/stm32f1xx_hal_crc.o
 .debug_line    0x0000578e      0xa81 ./Drivers/STM32F1xx_HAL_Driver/Src/stm32f1xx_hal_flash.o
 .debug_line    0x0000620f      0xb6f ./Drivers/STM32F1xx_HAL_Driver/Src/stm32f1xx_hal_flash_ex.o
 .debug_line    0x00006d7e      0xa4f ./Drivers/STM32F1xx_HAL_Driver/Src/stm32f1xx_hal_gpio.o
 .debug_line    0x000077cd     0x3c53 ./Drivers/STM32F1xx_HAL_Driver/Src/stm32f1xx_hal_i2c.o
 .debug_line    0x0000b420      0xdbf ./Drivers/STM32F1xx_HAL_Driver/Src/stm32f1xx_hal_rcc.o
 .debug_line    0x0000c1df     0x34db ./Drivers/STM32F1xx_HAL_Driver/Src/stm32f1xx_hal_tim.o
 .debug_line    0x0000f6ba     0x1905 ./Drivers/STM32F1xx_HAL_Driver/Src/stm32f1xx_hal_tim_ex.o

.debug_str      0x00000000    0x8b8ee
 .debug_str     0x00000000    0x8757b ./Core/Src/4x_7-seg_display.o
                              0x878f4 (size before relaxing)
 .debug_str     0x0008757b      0xf2a ./Core/Src/main.o
                              0x888c5 (size before relaxing)
 .debug_str     0x000884a5      0x389 ./Core/Src/stm32f1xx_hal_msp.o
                              0x84375 (size before relaxing)
 .debug_str     0x0008882e      0x1b4 ./Core/Src/stm32f1xx_it.o
                              0x83e5f (size before relaxing)
 .debug_str     0x000889e2       0x7e ./Core/Src/system_stm32f1xx.o
                              0x83524 (size before relaxing)
 .debug_str     0x00088a60       0x44 ./Core/Startup/startup_stm32f103c8tx.o
                                 0x71 (size before relaxing)
 .debug_str     0x00088aa4      0x378 ./Drivers/STM32F1xx_HAL_Driver/Src/stm32f1xx_hal.o
                              0x83c57 (size before relaxing)
 .debug_str     0x00088e1c      0x294 ./Drivers/STM32F1xx_HAL_Driver/Src/stm32f1xx_hal_cortex.o
                              0x83ba3 (size before relaxing)
 .debug_str     0x000890b0       0x86 ./Drivers/STM32F1xx_HAL_Driver/Src/stm32f1xx_hal_crc.o
                              0x83666 (size before relaxing)
 .debug_str     0x00089136      0x253 ./Drivers/STM32F1xx_HAL_Driver/Src/stm32f1xx_hal_flash.o
                              0x837ff (size before relaxing)
 .debug_str     0x00089389      0x306 ./Drivers/STM32F1xx_HAL_Driver/Src/stm32f1xx_hal_flash_ex.o
                              0x839ad (size before relaxing)
 .debug_str     0x0008968f      0x2d0 ./Drivers/STM32F1xx_HAL_Driver/Src/stm32f1xx_hal_gpio.o
                              0x838aa (size before relaxing)
 .debug_str     0x0008995f      0xbb2 ./Drivers/STM32F1xx_HAL_Driver/Src/stm32f1xx_hal_i2c.o
                              0x845eb (size before relaxing)
 .debug_str     0x0008a511      0x209 ./Drivers/STM32F1xx_HAL_Driver/Src/stm32f1xx_hal_rcc.o
                              0x83953 (size before relaxing)
 .debug_str     0x0008a71a      0xd41 ./Drivers/STM32F1xx_HAL_Driver/Src/stm32f1xx_hal_tim.o
                              0x84955 (size before relaxing)
 .debug_str     0x0008b45b      0x493 ./Drivers/STM32F1xx_HAL_Driver/Src/stm32f1xx_hal_tim_ex.o
                              0x84161 (size before relaxing)

.comment        0x00000000       0x43
 .comment       0x00000000       0x43 ./Core/Src/4x_7-seg_display.o
                                 0x44 (size before relaxing)
 .comment       0x00000043       0x44 ./Core/Src/main.o
 .comment       0x00000043       0x44 ./Core/Src/stm32f1xx_hal_msp.o
 .comment       0x00000043       0x44 ./Core/Src/stm32f1xx_it.o
 .comment       0x00000043       0x44 ./Core/Src/system_stm32f1xx.o
 .comment       0x00000043       0x44 ./Drivers/STM32F1xx_HAL_Driver/Src/stm32f1xx_hal.o
 .comment       0x00000043       0x44 ./Drivers/STM32F1xx_HAL_Driver/Src/stm32f1xx_hal_cortex.o
 .comment       0x00000043       0x44 ./Drivers/STM32F1xx_HAL_Driver/Src/stm32f1xx_hal_crc.o
 .comment       0x00000043       0x44 ./Drivers/STM32F1xx_HAL_Driver/Src/stm32f1xx_hal_flash.o
 .comment       0x00000043       0x44 ./Drivers/STM32F1xx_HAL_Driver/Src/stm32f1xx_hal_flash_ex.o
 .comment       0x00000043       0x44 ./Drivers/STM32F1xx_HAL_Driver/Src/stm32f1xx_hal_gpio.o
 .comment       0x00000043       0x44 ./Drivers/STM32F1xx_HAL_Driver/Src/stm32f1xx_hal_i2c.o
 .comment       0x00000043       0x44 ./Drivers/STM32F1xx_HAL_Driver/Src/stm32f1xx_hal_rcc.o
 .comment       0x00000043       0x44 ./Drivers/STM32F1xx_HAL_Driver/Src/stm32f1xx_hal_tim.o
 .comment       0x00000043       0x44 ./Drivers/STM32F1xx_HAL_Driver/Src/stm32f1xx_hal_tim_ex.o

.debug_frame    0x00000000     0x3fe0
 .debug_frame   0x00000000      0x1d4 ./Core/Src/4x_7-seg_display.o
 .debug_frame   0x000001d4      0x474 ./Core/Src/main.o
 .debug_frame   0x00000648      0x118 ./Core/Src/stm32f1xx_hal_msp.o
 .debug_frame   0x00000760      0x1e0 ./Core/Src/stm32f1xx_it.o
 .debug_frame   0x00000940       0x58 ./Core/Src/system_stm32f1xx.o
 .debug_frame   0x00000998      0x334 ./Drivers/STM32F1xx_HAL_Driver/Src/stm32f1xx_hal.o
 .debug_frame   0x00000ccc      0x428 ./Drivers/STM32F1xx_HAL_Driver/Src/stm32f1xx_hal_cortex.o
 .debug_frame   0x000010f4      0x120 ./Drivers/STM32F1xx_HAL_Driver/Src/stm32f1xx_hal_crc.o
 .debug_frame   0x00001214      0x20c ./Drivers/STM32F1xx_HAL_Driver/Src/stm32f1xx_hal_flash.o
 .debug_frame   0x00001420      0x258 ./Drivers/STM32F1xx_HAL_Driver/Src/stm32f1xx_hal_flash_ex.o
 .debug_frame   0x00001678      0x14c ./Drivers/STM32F1xx_HAL_Driver/Src/stm32f1xx_hal_gpio.o
 .debug_frame   0x000017c4      0xc84 ./Drivers/STM32F1xx_HAL_Driver/Src/stm32f1xx_hal_i2c.o
 .debug_frame   0x00002448      0x218 ./Drivers/STM32F1xx_HAL_Driver/Src/stm32f1xx_hal_rcc.o
 .debug_frame   0x00002660     0x11b8 ./Drivers/STM32F1xx_HAL_Driver/Src/stm32f1xx_hal_tim.o
 .debug_frame   0x00003818      0x638 ./Drivers/STM32F1xx_HAL_Driver/Src/stm32f1xx_hal_tim_ex.o
 .debug_frame   0x00003e50       0x20 D:/STM32/stm32cubeide/STM32CubeIDE/plugins/com.st.stm32cube.ide.mcu.externaltools.gnu-tools-for-stm32.12.3.rel1.win32_1.0.200.202406191623/tools/bin/../lib/gcc/arm-none-eabi/12.3.1/../../../../arm-none-eabi/lib/thumb/v7-m/nofp\libc_nano.a(libc_a-memset.o)
 .debug_frame   0x00003e70       0x2c D:/STM32/stm32cubeide/STM32CubeIDE/plugins/com.st.stm32cube.ide.mcu.externaltools.gnu-tools-for-stm32.12.3.rel1.win32_1.0.200.202406191623/tools/bin/../lib/gcc/arm-none-eabi/12.3.1/../../../../arm-none-eabi/lib/thumb/v7-m/nofp\libc_nano.a(libc_a-init.o)
 .debug_frame   0x00003e9c       0xac D:/STM32/stm32cubeide/STM32CubeIDE/plugins/com.st.stm32cube.ide.mcu.externaltools.gnu-tools-for-stm32.12.3.rel1.win32_1.0.200.202406191623/tools/bin/../lib/gcc/arm-none-eabi/12.3.1/thumb/v7-m/nofp\libgcc.a(_arm_addsubdf3.o)
 .debug_frame   0x00003f48       0x50 D:/STM32/stm32cubeide/STM32CubeIDE/plugins/com.st.stm32cube.ide.mcu.externaltools.gnu-tools-for-stm32.12.3.rel1.win32_1.0.200.202406191623/tools/bin/../lib/gcc/arm-none-eabi/12.3.1/thumb/v7-m/nofp\libgcc.a(_arm_muldivdf3.o)
 .debug_frame   0x00003f98       0x24 D:/STM32/stm32cubeide/STM32CubeIDE/plugins/com.st.stm32cube.ide.mcu.externaltools.gnu-tools-for-stm32.12.3.rel1.win32_1.0.200.202406191623/tools/bin/../lib/gcc/arm-none-eabi/12.3.1/thumb/v7-m/nofp\libgcc.a(_arm_truncdfsf2.o)
 .debug_frame   0x00003fbc       0x24 D:/STM32/stm32cubeide/STM32CubeIDE/plugins/com.st.stm32cube.ide.mcu.externaltools.gnu-tools-for-stm32.12.3.rel1.win32_1.0.200.202406191623/tools/bin/../lib/gcc/arm-none-eabi/12.3.1/thumb/v7-m/nofp\libgcc.a(_arm_fixsfsi.o)

.debug_line_str
                0x00000000       0x55
 .debug_line_str
                0x00000000       0x55 ./Core/Startup/startup_stm32f103c8tx.o
